#-----------------------------------------------------------
# Vivado v2017.2 (64-bit)
# SW Build 1909853 on Thu Jun 15 18:39:09 MDT 2017
# IP Build 1909766 on Thu Jun 15 19:58:00 MDT 2017
# Start of session at: Tue Apr 17 16:35:49 2018
# Process ID: 7140
# Current directory: C:/dkaputa/blink_rover_axi/project
# Command line: vivado.exe -gui_launcher_event rodinguilauncherevent9532 C:\dkaputa\blink_rover_axi\project\blink.xpr
# Log file: C:/dkaputa/blink_rover_axi/project/vivado.log
# Journal file: C:/dkaputa/blink_rover_axi/project\vivado.jou
#-----------------------------------------------------------
start_gui
open_project C:/dkaputa/blink_rover_axi/project/blink.xpr
update_compile_order -fileset sources_1
open_hw
connect_hw_server
open_hw_target
set_property PROGRAM.FILE {C:/dkaputa/blink_rover_axi/project/blink.runs/impl_1/design_1_wrapper.bit} [get_hw_devices xc7z010_1]
set_property PROBES.FILE {C:/dkaputa/blink_rover_axi/project/blink.runs/impl_1/design_1_wrapper.ltx} [get_hw_devices xc7z010_1]
set_property FULL_PROBES.FILE {C:/dkaputa/blink_rover_axi/project/blink.runs/impl_1/design_1_wrapper.ltx} [get_hw_devices xc7z010_1]
current_hw_device [get_hw_devices xc7z010_1]
refresh_hw_device [lindex [get_hw_devices xc7z010_1] 0]
set_property PROBES.FILE {C:/dkaputa/blink_rover_axi/project/blink.runs/impl_1/design_1_wrapper.ltx} [get_hw_devices xc7z010_1]
set_property FULL_PROBES.FILE {C:/dkaputa/blink_rover_axi/project/blink.runs/impl_1/design_1_wrapper.ltx} [get_hw_devices xc7z010_1]
set_property PROGRAM.FILE {C:/dkaputa/blink_rover_axi/project/blink.runs/impl_1/design_1_wrapper.bit} [get_hw_devices xc7z010_1]
program_hw_devices [get_hw_devices xc7z010_1]
refresh_hw_device [lindex [get_hw_devices xc7z010_1] 0]
display_hw_ila_data [ get_hw_ila_data hw_ila_data_1 -of_objects [get_hw_ilas -of_objects [get_hw_devices xc7z010_1] -filter {CELL_NAME=~"design_1_i/ila_0"}]]
run_hw_ila [get_hw_ilas -of_objects [get_hw_devices xc7z010_1] -filter {CELL_NAME=~"design_1_i/ila_0"}]
wait_on_hw_ila [get_hw_ilas -of_objects [get_hw_devices xc7z010_1] -filter {CELL_NAME=~"design_1_i/ila_0"}]
display_hw_ila_data [upload_hw_ila_data [get_hw_ilas -of_objects [get_hw_devices xc7z010_1] -filter {CELL_NAME=~"design_1_i/ila_0"}]]
