#-----------------------------------------------------------
# Vivado v2017.2 (64-bit)
# SW Build 1909853 on Thu Jun 15 18:39:09 MDT 2017
# IP Build 1909766 on Thu Jun 15 19:58:00 MDT 2017
# Start of session at: Tue Apr 10 17:02:57 2018
# Process ID: 14640
# Current directory: C:/Users/zdw7287/Downloads/week12/blink_rover_axi/project
# Command line: vivado.exe -gui_launcher_event rodinguilauncherevent7860 C:\Users\zdw7287\Downloads\week12\blink_rover_axi\project\blink.xpr
# Log file: C:/Users/zdw7287/Downloads/week12/blink_rover_axi/project/vivado.log
# Journal file: C:/Users/zdw7287/Downloads/week12/blink_rover_axi/project\vivado.jou
#-----------------------------------------------------------
start_gui
open_project C:/Users/zdw7287/Downloads/week12/blink_rover_axi/project/blink.xpr
update_compile_order -fileset sources_1
open_bd_design {C:/Users/zdw7287/Downloads/week12/blink_rover_axi/src/design_1.bd}
startgroup
create_bd_cell -type ip -vlnv xilinx.com:ip:ila:6.2 ila_1
endgroup
delete_bd_objs [get_bd_cells ila_1]
startgroup
create_bd_cell -type ip -vlnv xilinx.com:ip:ila:6.2 ila_1
endgroup
delete_bd_objs [get_bd_cells ila_1]
save_bd_design
launch_runs synth_1 -jobs 4
wait_on_run synth_1
launch_runs impl_1 -jobs 4
wait_on_run impl_1
launch_runs impl_1 -to_step write_bitstream -jobs 4
wait_on_run impl_1
open_run impl_1
