#-----------------------------------------------------------
# Vivado v2017.2 (64-bit)
# SW Build 1909853 on Thu Jun 15 18:39:09 MDT 2017
# IP Build 1909766 on Thu Jun 15 19:58:00 MDT 2017
# Start of session at: Wed Apr 18 20:28:07 2018
# Process ID: 8512
# Current directory: R:/CPET-563/groups/newFolder/Vivado/PROJECT LIVES HERE/4-17-18/echo/project
# Command line: vivado.exe -gui_launcher_event rodinguilauncherevent1436 R:\CPET-563\groups\newFolder\Vivado\PROJECT LIVES HERE\4-17-18\echo\project\echo.xpr
# Log file: R:/CPET-563/groups/newFolder/Vivado/PROJECT LIVES HERE/4-17-18/echo/project/vivado.log
# Journal file: R:/CPET-563/groups/newFolder/Vivado/PROJECT LIVES HERE/4-17-18/echo/project\vivado.jou
#-----------------------------------------------------------
start_gui
open_project {R:/CPET-563/groups/newFolder/Vivado/PROJECT LIVES HERE/4-17-18/echo/project/echo.xpr}
update_compile_order -fileset sources_1
open_bd_design {R:/CPET-563/groups/newFolder/Vivado/PROJECT LIVES HERE/4-17-18/echo/src/design_1.bd}
ipx::edit_ip_in_project -upgrade true -name motor_axi_v1_2_project -directory {R:/CPET-563/groups/newFolder/Vivado/PROJECT\ LIVES\ HERE/4-17-18/echo/project/echo.tmp/motor_axi_v1_2_project} {r:/CPET-563/groups/newFolder/Vivado/PROJECT LIVES HERE/4-17-18/echo/ip/motor_axi_1.0/component.xml}
update_compile_order -fileset sources_1
ipx::unload_core {r:/CPET-563/groups/newFolder/Vivado/PROJECT LIVES HERE/4-17-18/echo/ip/motor_axi_1.0/component.xml}
close_project
ipx::edit_ip_in_project -upgrade true -name ultrasonic_sensor_axi_v1_1_project -directory {R:/CPET-563/groups/newFolder/Vivado/PROJECT\ LIVES\ HERE/4-17-18/echo/project/echo.tmp/ultrasonic_sensor_axi_v1_1_project} {r:/CPET-563/groups/newFolder/Vivado/PROJECT LIVES HERE/4-17-18/echo/ip/ultrasonic_sensor_axi_1.0/component.xml}
update_compile_order -fileset sources_1
close_project
ipx::edit_ip_in_project -upgrade true -name imu_wrapper_v1_0_project -directory {R:/CPET-563/groups/newFolder/Vivado/PROJECT\ LIVES\ HERE/4-17-18/echo/project/echo.tmp/imu_wrapper_v1_0_project} {r:/CPET-563/groups/newFolder/Vivado/PROJECT LIVES HERE/4-17-18/echo/ip/imu_wrapper/component.xml}
update_compile_order -fileset sources_1
close_project
set_property range 4K [get_bd_addr_segs {processing_system7_0/Data/SEG_imu_wrapper_0_reg0}]
set_property range 64K [get_bd_addr_segs {processing_system7_0/Data/SEG_imu_wrapper_0_reg0}]
